# Test find a path on an unknown node

loaded graph name

unknown: TOM-CRUISE