# Test load a graph on flights

loaded graph flights