# To test if we can add a node to the graph

# Create a graph
created graph A

# Add a node
added node n to A

# Print out the nodes in the graph
A contains: n
the children of n in A are: