# To test if we can add two nodes to the graph

# Create a graph
created graph A

# Add two nodes
added node n1 to A
added node n2 to A

# Print out the nodes in the graph along with their outgoing edges
A contains: n1 n2
the children of n1 in A are:
the children of n2 in A are: