# Find a path with Dijkstra's algorithm when the path is empty

created graph simpleGraph

added node A to simpleGraph
added node B to simpleGraph

added edge 1.000 from A to C in simpleGraph

path from A to B:
no path found