# Find a path to itself with Dijkstra's algorithm

created graph graph

added node A to graph
added node B to graph

added edge 1.000 from A to B in graph

path from A to A:
